     VMA      LMA     Size Align Out     In      Symbol
       0        0        0     1 _start = 0
       0        0        0     4 .text
       0        0        0     4         C:\Work\Programming\v6llvmc\tests\lit\Linker\V6C\Output\packed-bss-layout.test.tmp/blocks.o:(.text)
     10a      10a      4f6     1 .bss.pack
     10a      10a       14     1         C:\Work\Programming\v6llvmc\tests\lit\Linker\V6C\Output\packed-bss-layout.test.tmp/blocks.o:(.bss.pack.window)
     10a      10a        0     1                 equal_window_b
     11e      11e       3c     1         C:\Work\Programming\v6llvmc\tests\lit\Linker\V6C\Output\packed-bss-layout.test.tmp/blocks.o:(.bss.pack)
     11e      11e        0     1                 filler_60
     15a      15a       28     1         C:\Work\Programming\v6llvmc\tests\lit\Linker\V6C\Output\packed-bss-layout.test.tmp/blocks.o:(.bss.pack)
     15a      15a        0     1                 filler_40
     200      200      12c     1         C:\Work\Programming\v6llvmc\tests\lit\Linker\V6C\Output\packed-bss-layout.test.tmp/blocks.o:(.bss.pack.align)
     200      200        0     1                 anchor_300
     32c      32c       c8     1         C:\Work\Programming\v6llvmc\tests\lit\Linker\V6C\Output\packed-bss-layout.test.tmp/blocks.o:(.bss.pack.window)
     32c      32c        0     1                 window_200
     400      400       64     1         C:\Work\Programming\v6llvmc\tests\lit\Linker\V6C\Output\packed-bss-layout.test.tmp/blocks.o:(.bss.pack.align)
     400      400        0     1                 anchor_100
     464      464       78     1         C:\Work\Programming\v6llvmc\tests\lit\Linker\V6C\Output\packed-bss-layout.test.tmp/blocks.o:(.bss.pack.window)
     464      464        0     1                 window_120
     4dc      4dc       14     1         C:\Work\Programming\v6llvmc\tests\lit\Linker\V6C\Output\packed-bss-layout.test.tmp/blocks.o:(.bss.pack.window)
     4dc      4dc        0     1                 equal_window_a
     500      500      100     1         C:\Work\Programming\v6llvmc\tests\lit\Linker\V6C\Output\packed-bss-layout.test.tmp/blocks.o:(.bss.pack.window)
     500      500        0     1                 window_256
     600      600        0     1 after_pack = .
     600      600        0     1 arena_addr = ADDR ( .bss.pack )
     600      600        0     1 arena_size = SIZEOF ( .bss.pack )
       0        0       13     1 .comment
       0        0       13     1         <internal>:(.comment)
       0        0       e0     4 .symtab
       0        0       e0     4         <internal>:(.symtab)
       0        0       34     1 .shstrtab
       0        0       34     1         <internal>:(.shstrtab)
       0        0       92     1 .strtab
       0        0       92     1         <internal>:(.strtab)
