     VMA      LMA     Size Align Out     In      Symbol
       0        0      100     1 . = 0x100
     100      100       2e     1 .text
     100      100       2e     1         C:\Work\Programming\v6llvmc\tests\lit\Linker\V6C\Output\packed-bss.test.tmp/main.o:(.text._start)
     100      100        0     1                 _start
     12e      12e       d2     1 . = 0x200
     200      200        0     1 __bss_start = .
     200      200      ca0     1 .bss.pack
     200      200      100     1         C:\Work\Programming\v6llvmc\tests\lit\Linker\V6C\Output\packed-bss.test.tmp/blocks-a.o:(.bss.pack.align)
     200      200        0     1                 containers_inst_data_ptrs
     300      300      100     1         C:\Work\Programming\v6llvmc\tests\lit\Linker\V6C\Output\packed-bss.test.tmp/blocks-a.o:(.bss.pack.align)
     300      300        0     1                 resources_inst_data_ptrs
     400      400      100     1         C:\Work\Programming\v6llvmc\tests\lit\Linker\V6C\Output\packed-bss.test.tmp/blocks-a.o:(.bss.pack.align)
     400      400        0     1                 breakables_status
     500      500       f0     1         C:\Work\Programming\v6llvmc\tests\lit\Linker\V6C\Output\packed-bss.test.tmp/blocks-a.o:(.bss.pack.align)
     500      500        0     1                 room_tiledata
     5f0      5f0       10     1         C:\Work\Programming\v6llvmc\tests\lit\Linker\V6C\Output\packed-bss.test.tmp/blocks-b.o:(.bss.pack)
     5f0      5f0        0     1                 game_status
     600      600       e3     1         C:\Work\Programming\v6llvmc\tests\lit\Linker\V6C\Output\packed-bss.test.tmp/blocks-a.o:(.bss.pack.window)
     600      600        0     1                 overlays_runtime_data
     6e3      6e3       11     1         C:\Work\Programming\v6llvmc\tests\lit\Linker\V6C\Output\packed-bss.test.tmp/blocks-a.o:(.bss.pack.window)
     6e3      6e3        0     1                 hero_resources
     6f4      6f4        a     1         C:\Work\Programming\v6llvmc\tests\lit\Linker\V6C\Output\packed-bss.test.tmp/blocks-b.o:(.bss.pack)
     6f4      6f4        0     1                 global_states
     6fe      6fe        2     1         C:\Work\Programming\v6llvmc\tests\lit\Linker\V6C\Output\packed-bss.test.tmp/blocks-b.o:(.bss.pack)
     6fe      6fe        0     1                 actor_data_head_ptr
     700      700       40     1         C:\Work\Programming\v6llvmc\tests\lit\Linker\V6C\Output\packed-bss.test.tmp/blocks-a.o:(.bss.pack.window)
     700      700        0     1                 rooms_spawn_rate
     740      740       3e     1         C:\Work\Programming\v6llvmc\tests\lit\Linker\V6C\Output\packed-bss.test.tmp/blocks-a.o:(.bss.pack.window)
     740      740        0     1                 backs_runtime_data
     77e      77e      200     1         C:\Work\Programming\v6llvmc\tests\lit\Linker\V6C\Output\packed-bss.test.tmp/blocks-a.o:(.bss.pack)
     77e      77e        0     1                 temp_buff
     97e      97e      1e2     1         C:\Work\Programming\v6llvmc\tests\lit\Linker\V6C\Output\packed-bss.test.tmp/blocks-a.o:(.bss.pack)
     97e      97e        0     1                 chars_runtime_data
     b60      b60      1e0     1         C:\Work\Programming\v6llvmc\tests\lit\Linker\V6C\Output\packed-bss.test.tmp/blocks-a.o:(.bss.pack)
     b60      b60        0     1                 room_tiles_gfx_ptrs
     d40      d40       f0     1         C:\Work\Programming\v6llvmc\tests\lit\Linker\V6C\Output\packed-bss.test.tmp/blocks-b.o:(.bss.pack)
     d40      d40        0     1                 room_tiledata_backup
     e30      e30       1f     1         C:\Work\Programming\v6llvmc\tests\lit\Linker\V6C\Output\packed-bss.test.tmp/blocks-b.o:(.bss.pack)
     e30      e30        0     1                 hero_runtime_data
     e4f      e4f       11     1         C:\Work\Programming\v6llvmc\tests\lit\Linker\V6C\Output\packed-bss.test.tmp/blocks-b.o:(.bss.pack)
     e4f      e4f        0     1                 os_io_data
     e60      e60       10     1         C:\Work\Programming\v6llvmc\tests\lit\Linker\V6C\Output\packed-bss.test.tmp/blocks-b.o:(.bss.pack)
     e60      e60        0     1                 palette
     e70      e70       10     1         C:\Work\Programming\v6llvmc\tests\lit\Linker\V6C\Output\packed-bss.test.tmp/blocks-b.o:(.bss.pack)
     e70      e70        0     1                 room_teleports_data
     e80      e80        f     1         C:\Work\Programming\v6llvmc\tests\lit\Linker\V6C\Output\packed-bss.test.tmp/blocks-b.o:(.bss.pack)
     e80      e80        0     1                 global_items
     e8f      e8f        e     1         C:\Work\Programming\v6llvmc\tests\lit\Linker\V6C\Output\packed-bss.test.tmp/blocks-b.o:(.bss.pack)
     e8f      e8f        0     1                 lv_data_init_tbl
     e9d      e9d        2     1         C:\Work\Programming\v6llvmc\tests\lit\Linker\V6C\Output\packed-bss.test.tmp/blocks-b.o:(.bss.pack)
     e9d      e9d        0     1                 switch_statuses
     e9f      e9f        1     1         C:\Work\Programming\v6llvmc\tests\lit\Linker\V6C\Output\packed-bss.test.tmp/blocks-b.o:(.bss.pack)
     e9f      e9f        0     1                 ram_disk_mode
     ea0      ea0        0     1 __bss_end = .
     ea0      ea0        0     1 arena_size = SIZEOF ( .bss.pack )
       0        0       13     1 .comment
       0        0       13     1         <internal>:(.comment)
       0        0      1c0     4 .symtab
       0        0      1c0     4         <internal>:(.symtab)
       0        0       34     1 .shstrtab
       0        0       34     1         <internal>:(.shstrtab)
       0        0      1ae     1 .strtab
       0        0      1ae     1         <internal>:(.strtab)
